Total reads	606,950
Short cis reads (<20kb)	154,202
Cis reads (>20kb)	288,538
Trans reads	164,210
Cis/Trans ratio	63.730
% Long-range intrachromosomal reads	47.539
